000000000:00
000000005:01
000000011:02
000000017:03
000000023:04
000000029:05
000000035:06
000000041:07
000000047:08
000000053:09
